// Jest Snapshot v1, https://goo.gl/fbAQLP

exports[`SearchTokenChip when no tokens but results exist should render without category 1`] = `
<search-token-chip__SearchTokenChipContainer>
  <search-token-chip__QueryHitsDiv>
    0 results
  </search-token-chip__QueryHitsDiv>
</search-token-chip__SearchTokenChipContainer>
`;

exports[`SearchTokenChip when tokens grouped by word and results exist category is rendered 1`] = `
<search-token-chip__SearchTokenChipContainer>
  <search-token-chip__HelpTextDiv>
    Refine your search:
  </search-token-chip__HelpTextDiv>
  <search-token-chip__WordRowDiv>
    <search-token-chip__WordDiv>
      Eric:
    </search-token-chip__WordDiv>
    <search-token-chip__Chip
      onClick={[Function]}
    >
      <search-token-chip__Category>
        Name
      </search-token-chip__Category>
      <search-token-chip__DropdownTriangle />
    </search-token-chip__Chip>
  </search-token-chip__WordRowDiv>
  <search-token-chip__WordRowDiv>
    <search-token-chip__WordDiv>
      Trove:
    </search-token-chip__WordDiv>
    <search-token-chip__Chip
      onClick={[Function]}
    >
      <search-token-chip__Category>
        Company Name
      </search-token-chip__Category>
      <search-token-chip__DropdownTriangle />
    </search-token-chip__Chip>
    <search-token-chip__Chip
      onClick={[Function]}
    >
      <search-token-chip__Category>
        Domain
      </search-token-chip__Category>
      <search-token-chip__DropdownTriangle />
    </search-token-chip__Chip>
  </search-token-chip__WordRowDiv>
  <search-token-chip__QueryHitsDiv>
    0 results
  </search-token-chip__QueryHitsDiv>
</search-token-chip__SearchTokenChipContainer>
`;
